// Jest Snapshot v1, https://goo.gl/fbAQLP

exports[`TodoApp should match snapshot 1`] = `
ShallowWrapper {
  "length": 1,
  Symbol(enzyme.__root__): [Circular],
  Symbol(enzyme.__unrendered__): <App />,
  Symbol(enzyme.__renderer__): Object {
    "batchedUpdates": [Function],
    "getNode": [Function],
    "render": [Function],
    "simulateEvent": [Function],
    "unmount": [Function],
  },
  Symbol(enzyme.__node__): Object {
    "instance": null,
    "key": undefined,
    "nodeType": "host",
    "props": Object {
      "children": <ResourceProvider
        resourcePath="https://static.allthings.me"
      >
        <ThemeProvider
          theme={
            Object {
              "background": "#f3f5f7",
              "contrast": "#ffffff",
              "disabled": "#95a5a5",
              "primary": "#e84c3d",
              "secondaryText": "#333333",
              "text": "#333333",
              "titleColor": "#333333",
            }
          }
        >
          <View
            alignH="start"
            alignV="stretch"
            fill={false}
            flex="none"
            onRef={[Function]}
          >
            <TitleBar
              data-css-bh3vuo=""
            >
              <Inset
                data-css-14z3si=""
                horizontal={true}
              >
                <Icon
                  color="white"
                  data-css-xih1gx=""
                  name="book-open"
                  size="m"
                />
                <Text
                  block={true}
                  color="contrast"
                  data-css-1y7q7mp=""
                  size="l"
                >
                  My Todos
                </Text>
              </Inset>
              <Icon
                color="#FFFFFF"
                data-css-fanwgg=""
                name="plus-light"
                onClick={[Function]}
                size="m"
              />
            </TitleBar>
            <Card>
              <div
                data-css-l09ulh=""
              >
                <div
                  data-css-r9ebme=""
                >
                  <TextInput
                    data-css-r9ebme=""
                    defaultValue="testing"
                    id="new"
                    lines={1}
                    name="new"
                    onKeyUp={[Function]}
                    placeholder="Add new"
                    required={false}
                    type="text"
                  />
                </div>
                <_class
                  data-css-1bn1z22=""
                  disabled={true}
                  id="add-task"
                  onClick={[Function]}
                >
                  add
                </_class>
              </div>
              <div
                data-css-1yv2jt6=""
              >
                <_class
                  backgroundColor="rgba(232, 76, 61, 0.5)"
                  className="all"
                  data-css-pg4ma5=""
                  id="all-button"
                  onClick={[Function]}
                >
                  <span
                    className="all"
                  >
                    All
                  </span>
                </_class>
                <_class
                  backgroundColor="rgba(232, 76, 61, 0.5)"
                  className="incomplete"
                  data-css-pg4ma5=""
                  onClick={[Function]}
                >
                  <span
                    className="incomplete"
                  >
                    Incomplete (1)
                  </span>
                </_class>
                <_class
                  backgroundColor=""
                  className="completed"
                  data-css-pg4ma5=""
                  onClick={[Function]}
                >
                  <span
                    className="completed"
                  >
                    Completed
                  </span>
                </_class>
              </div>
              <GroupedCardList>
                <TodoItem
                  checkmarkClicked={[Function]}
                  checkmarkDisplay={undefined}
                  done={true}
                  doneEditting={[Function]}
                  doubleClicked={undefined}
                  handleRemove={[Function]}
                  iconOpen={undefined}
                  id={1}
                  onDoubleClick={[Function]}
                  onSlideLeft={[Function]}
                >
                  Text 2
                </TodoItem>
                <TodoItem
                  checkmarkClicked={[Function]}
                  checkmarkDisplay={undefined}
                  done={true}
                  doneEditting={[Function]}
                  doubleClicked={undefined}
                  handleRemove={[Function]}
                  iconOpen={undefined}
                  id={2}
                  onDoubleClick={[Function]}
                  onSlideLeft={[Function]}
                >
                  Text 3
                </TodoItem>
              </GroupedCardList>
            </Card>
          </View>
        </ThemeProvider>
      </ResourceProvider>,
      "className": "App",
    },
    "ref": null,
    "rendered": Object {
      "instance": null,
      "key": undefined,
      "nodeType": "class",
      "props": Object {
        "children": <ThemeProvider
          theme={
            Object {
              "background": "#f3f5f7",
              "contrast": "#ffffff",
              "disabled": "#95a5a5",
              "primary": "#e84c3d",
              "secondaryText": "#333333",
              "text": "#333333",
              "titleColor": "#333333",
            }
          }
        >
          <View
            alignH="start"
            alignV="stretch"
            fill={false}
            flex="none"
            onRef={[Function]}
          >
            <TitleBar
              data-css-bh3vuo=""
            >
              <Inset
                data-css-14z3si=""
                horizontal={true}
              >
                <Icon
                  color="white"
                  data-css-xih1gx=""
                  name="book-open"
                  size="m"
                />
                <Text
                  block={true}
                  color="contrast"
                  data-css-1y7q7mp=""
                  size="l"
                >
                  My Todos
                </Text>
              </Inset>
              <Icon
                color="#FFFFFF"
                data-css-fanwgg=""
                name="plus-light"
                onClick={[Function]}
                size="m"
              />
            </TitleBar>
            <Card>
              <div
                data-css-l09ulh=""
              >
                <div
                  data-css-r9ebme=""
                >
                  <TextInput
                    data-css-r9ebme=""
                    defaultValue="testing"
                    id="new"
                    lines={1}
                    name="new"
                    onKeyUp={[Function]}
                    placeholder="Add new"
                    required={false}
                    type="text"
                  />
                </div>
                <_class
                  data-css-1bn1z22=""
                  disabled={true}
                  id="add-task"
                  onClick={[Function]}
                >
                  add
                </_class>
              </div>
              <div
                data-css-1yv2jt6=""
              >
                <_class
                  backgroundColor="rgba(232, 76, 61, 0.5)"
                  className="all"
                  data-css-pg4ma5=""
                  id="all-button"
                  onClick={[Function]}
                >
                  <span
                    className="all"
                  >
                    All
                  </span>
                </_class>
                <_class
                  backgroundColor="rgba(232, 76, 61, 0.5)"
                  className="incomplete"
                  data-css-pg4ma5=""
                  onClick={[Function]}
                >
                  <span
                    className="incomplete"
                  >
                    Incomplete (1)
                  </span>
                </_class>
                <_class
                  backgroundColor=""
                  className="completed"
                  data-css-pg4ma5=""
                  onClick={[Function]}
                >
                  <span
                    className="completed"
                  >
                    Completed
                  </span>
                </_class>
              </div>
              <GroupedCardList>
                <TodoItem
                  checkmarkClicked={[Function]}
                  checkmarkDisplay={undefined}
                  done={true}
                  doneEditting={[Function]}
                  doubleClicked={undefined}
                  handleRemove={[Function]}
                  iconOpen={undefined}
                  id={1}
                  onDoubleClick={[Function]}
                  onSlideLeft={[Function]}
                >
                  Text 2
                </TodoItem>
                <TodoItem
                  checkmarkClicked={[Function]}
                  checkmarkDisplay={undefined}
                  done={true}
                  doneEditting={[Function]}
                  doubleClicked={undefined}
                  handleRemove={[Function]}
                  iconOpen={undefined}
                  id={2}
                  onDoubleClick={[Function]}
                  onSlideLeft={[Function]}
                >
                  Text 3
                </TodoItem>
              </GroupedCardList>
            </Card>
          </View>
        </ThemeProvider>,
        "resourcePath": "https://static.allthings.me",
      },
      "ref": null,
      "rendered": Object {
        "instance": null,
        "key": undefined,
        "nodeType": "class",
        "props": Object {
          "children": <View
            alignH="start"
            alignV="stretch"
            fill={false}
            flex="none"
            onRef={[Function]}
          >
            <TitleBar
              data-css-bh3vuo=""
            >
              <Inset
                data-css-14z3si=""
                horizontal={true}
              >
                <Icon
                  color="white"
                  data-css-xih1gx=""
                  name="book-open"
                  size="m"
                />
                <Text
                  block={true}
                  color="contrast"
                  data-css-1y7q7mp=""
                  size="l"
                >
                  My Todos
                </Text>
              </Inset>
              <Icon
                color="#FFFFFF"
                data-css-fanwgg=""
                name="plus-light"
                onClick={[Function]}
                size="m"
              />
            </TitleBar>
            <Card>
              <div
                data-css-l09ulh=""
              >
                <div
                  data-css-r9ebme=""
                >
                  <TextInput
                    data-css-r9ebme=""
                    defaultValue="testing"
                    id="new"
                    lines={1}
                    name="new"
                    onKeyUp={[Function]}
                    placeholder="Add new"
                    required={false}
                    type="text"
                  />
                </div>
                <_class
                  data-css-1bn1z22=""
                  disabled={true}
                  id="add-task"
                  onClick={[Function]}
                >
                  add
                </_class>
              </div>
              <div
                data-css-1yv2jt6=""
              >
                <_class
                  backgroundColor="rgba(232, 76, 61, 0.5)"
                  className="all"
                  data-css-pg4ma5=""
                  id="all-button"
                  onClick={[Function]}
                >
                  <span
                    className="all"
                  >
                    All
                  </span>
                </_class>
                <_class
                  backgroundColor="rgba(232, 76, 61, 0.5)"
                  className="incomplete"
                  data-css-pg4ma5=""
                  onClick={[Function]}
                >
                  <span
                    className="incomplete"
                  >
                    Incomplete (1)
                  </span>
                </_class>
                <_class
                  backgroundColor=""
                  className="completed"
                  data-css-pg4ma5=""
                  onClick={[Function]}
                >
                  <span
                    className="completed"
                  >
                    Completed
                  </span>
                </_class>
              </div>
              <GroupedCardList>
                <TodoItem
                  checkmarkClicked={[Function]}
                  checkmarkDisplay={undefined}
                  done={true}
                  doneEditting={[Function]}
                  doubleClicked={undefined}
                  handleRemove={[Function]}
                  iconOpen={undefined}
                  id={1}
                  onDoubleClick={[Function]}
                  onSlideLeft={[Function]}
                >
                  Text 2
                </TodoItem>
                <TodoItem
                  checkmarkClicked={[Function]}
                  checkmarkDisplay={undefined}
                  done={true}
                  doneEditting={[Function]}
                  doubleClicked={undefined}
                  handleRemove={[Function]}
                  iconOpen={undefined}
                  id={2}
                  onDoubleClick={[Function]}
                  onSlideLeft={[Function]}
                >
                  Text 3
                </TodoItem>
              </GroupedCardList>
            </Card>
          </View>,
          "theme": Object {
            "background": "#f3f5f7",
            "contrast": "#ffffff",
            "disabled": "#95a5a5",
            "primary": "#e84c3d",
            "secondaryText": "#333333",
            "text": "#333333",
            "titleColor": "#333333",
          },
        },
        "ref": null,
        "rendered": Object {
          "instance": null,
          "key": undefined,
          "nodeType": "class",
          "props": Object {
            "alignH": "start",
            "alignV": "stretch",
            "children": Array [
              <TitleBar
                data-css-bh3vuo=""
              >
                <Inset
                  data-css-14z3si=""
                  horizontal={true}
                >
                  <Icon
                    color="white"
                    data-css-xih1gx=""
                    name="book-open"
                    size="m"
                  />
                  <Text
                    block={true}
                    color="contrast"
                    data-css-1y7q7mp=""
                    size="l"
                  >
                    My Todos
                  </Text>
                </Inset>
                <Icon
                  color="#FFFFFF"
                  data-css-fanwgg=""
                  name="plus-light"
                  onClick={[Function]}
                  size="m"
                />
              </TitleBar>,
              <Card>
                <div
                  data-css-l09ulh=""
                >
                  <div
                    data-css-r9ebme=""
                  >
                    <TextInput
                      data-css-r9ebme=""
                      defaultValue="testing"
                      id="new"
                      lines={1}
                      name="new"
                      onKeyUp={[Function]}
                      placeholder="Add new"
                      required={false}
                      type="text"
                    />
                  </div>
                  <_class
                    data-css-1bn1z22=""
                    disabled={true}
                    id="add-task"
                    onClick={[Function]}
                  >
                    add
                  </_class>
                </div>
                <div
                  data-css-1yv2jt6=""
                >
                  <_class
                    backgroundColor="rgba(232, 76, 61, 0.5)"
                    className="all"
                    data-css-pg4ma5=""
                    id="all-button"
                    onClick={[Function]}
                  >
                    <span
                      className="all"
                    >
                      All
                    </span>
                  </_class>
                  <_class
                    backgroundColor="rgba(232, 76, 61, 0.5)"
                    className="incomplete"
                    data-css-pg4ma5=""
                    onClick={[Function]}
                  >
                    <span
                      className="incomplete"
                    >
                      Incomplete (1)
                    </span>
                  </_class>
                  <_class
                    backgroundColor=""
                    className="completed"
                    data-css-pg4ma5=""
                    onClick={[Function]}
                  >
                    <span
                      className="completed"
                    >
                      Completed
                    </span>
                  </_class>
                </div>
                <GroupedCardList>
                  <TodoItem
                    checkmarkClicked={[Function]}
                    checkmarkDisplay={undefined}
                    done={true}
                    doneEditting={[Function]}
                    doubleClicked={undefined}
                    handleRemove={[Function]}
                    iconOpen={undefined}
                    id={1}
                    onDoubleClick={[Function]}
                    onSlideLeft={[Function]}
                  >
                    Text 2
                  </TodoItem>
                  <TodoItem
                    checkmarkClicked={[Function]}
                    checkmarkDisplay={undefined}
                    done={true}
                    doneEditting={[Function]}
                    doubleClicked={undefined}
                    handleRemove={[Function]}
                    iconOpen={undefined}
                    id={2}
                    onDoubleClick={[Function]}
                    onSlideLeft={[Function]}
                  >
                    Text 3
                  </TodoItem>
                </GroupedCardList>
              </Card>,
            ],
            "fill": false,
            "flex": "none",
            "onRef": [Function],
          },
          "ref": null,
          "rendered": Array [
            Object {
              "instance": null,
              "key": undefined,
              "nodeType": "class",
              "props": Object {
                "children": Array [
                  <Inset
                    data-css-14z3si=""
                    horizontal={true}
                  >
                    <Icon
                      color="white"
                      data-css-xih1gx=""
                      name="book-open"
                      size="m"
                    />
                    <Text
                      block={true}
                      color="contrast"
                      data-css-1y7q7mp=""
                      size="l"
                    >
                      My Todos
                    </Text>
                  </Inset>,
                  <Icon
                    color="#FFFFFF"
                    data-css-fanwgg=""
                    name="plus-light"
                    onClick={[Function]}
                    size="m"
                  />,
                ],
                "data-css-bh3vuo": "",
              },
              "ref": null,
              "rendered": Array [
                Object {
                  "instance": null,
                  "key": undefined,
                  "nodeType": "function",
                  "props": Object {
                    "children": Array [
                      <Icon
                        color="white"
                        data-css-xih1gx=""
                        name="book-open"
                        size="m"
                      />,
                      <Text
                        block={true}
                        color="contrast"
                        data-css-1y7q7mp=""
                        size="l"
                      >
                        My Todos
                      </Text>,
                    ],
                    "data-css-14z3si": "",
                    "horizontal": true,
                  },
                  "ref": null,
                  "rendered": Array [
                    Object {
                      "instance": null,
                      "key": undefined,
                      "nodeType": "class",
                      "props": Object {
                        "color": "white",
                        "data-css-xih1gx": "",
                        "name": "book-open",
                        "size": "m",
                      },
                      "ref": null,
                      "rendered": null,
                      "type": [Function],
                    },
                    Object {
                      "instance": null,
                      "key": undefined,
                      "nodeType": "class",
                      "props": Object {
                        "block": true,
                        "children": "My Todos",
                        "color": "contrast",
                        "data-css-1y7q7mp": "",
                        "size": "l",
                      },
                      "ref": null,
                      "rendered": "My Todos",
                      "type": [Function],
                    },
                  ],
                  "type": [Function],
                },
                Object {
                  "instance": null,
                  "key": undefined,
                  "nodeType": "class",
                  "props": Object {
                    "color": "#FFFFFF",
                    "data-css-fanwgg": "",
                    "name": "plus-light",
                    "onClick": [Function],
                    "size": "m",
                  },
                  "ref": null,
                  "rendered": null,
                  "type": [Function],
                },
              ],
              "type": [Function],
            },
            Object {
              "instance": null,
              "key": undefined,
              "nodeType": "function",
              "props": Object {
                "children": Array [
                  <div
                    data-css-l09ulh=""
                  >
                    <div
                      data-css-r9ebme=""
                    >
                      <TextInput
                        data-css-r9ebme=""
                        defaultValue="testing"
                        id="new"
                        lines={1}
                        name="new"
                        onKeyUp={[Function]}
                        placeholder="Add new"
                        required={false}
                        type="text"
                      />
                    </div>
                    <_class
                      data-css-1bn1z22=""
                      disabled={true}
                      id="add-task"
                      onClick={[Function]}
                    >
                      add
                    </_class>
                  </div>,
                  <div
                    data-css-1yv2jt6=""
                  >
                    <_class
                      backgroundColor="rgba(232, 76, 61, 0.5)"
                      className="all"
                      data-css-pg4ma5=""
                      id="all-button"
                      onClick={[Function]}
                    >
                      <span
                        className="all"
                      >
                        All
                      </span>
                    </_class>
                    <_class
                      backgroundColor="rgba(232, 76, 61, 0.5)"
                      className="incomplete"
                      data-css-pg4ma5=""
                      onClick={[Function]}
                    >
                      <span
                        className="incomplete"
                      >
                        Incomplete (1)
                      </span>
                    </_class>
                    <_class
                      backgroundColor=""
                      className="completed"
                      data-css-pg4ma5=""
                      onClick={[Function]}
                    >
                      <span
                        className="completed"
                      >
                        Completed
                      </span>
                    </_class>
                  </div>,
                  <GroupedCardList>
                    <TodoItem
                      checkmarkClicked={[Function]}
                      checkmarkDisplay={undefined}
                      done={true}
                      doneEditting={[Function]}
                      doubleClicked={undefined}
                      handleRemove={[Function]}
                      iconOpen={undefined}
                      id={1}
                      onDoubleClick={[Function]}
                      onSlideLeft={[Function]}
                    >
                      Text 2
                    </TodoItem>
                    <TodoItem
                      checkmarkClicked={[Function]}
                      checkmarkDisplay={undefined}
                      done={true}
                      doneEditting={[Function]}
                      doubleClicked={undefined}
                      handleRemove={[Function]}
                      iconOpen={undefined}
                      id={2}
                      onDoubleClick={[Function]}
                      onSlideLeft={[Function]}
                    >
                      Text 3
                    </TodoItem>
                  </GroupedCardList>,
                ],
              },
              "ref": null,
              "rendered": Array [
                Object {
                  "instance": null,
                  "key": undefined,
                  "nodeType": "host",
                  "props": Object {
                    "children": Array [
                      <div
                        data-css-r9ebme=""
                      >
                        <TextInput
                          data-css-r9ebme=""
                          defaultValue="testing"
                          id="new"
                          lines={1}
                          name="new"
                          onKeyUp={[Function]}
                          placeholder="Add new"
                          required={false}
                          type="text"
                        />
                      </div>,
                      <_class
                        data-css-1bn1z22=""
                        disabled={true}
                        id="add-task"
                        onClick={[Function]}
                      >
                        add
                      </_class>,
                    ],
                    "data-css-l09ulh": "",
                  },
                  "ref": null,
                  "rendered": Array [
                    Object {
                      "instance": null,
                      "key": undefined,
                      "nodeType": "host",
                      "props": Object {
                        "children": <TextInput
                          data-css-r9ebme=""
                          defaultValue="testing"
                          id="new"
                          lines={1}
                          name="new"
                          onKeyUp={[Function]}
                          placeholder="Add new"
                          required={false}
                          type="text"
                        />,
                        "data-css-r9ebme": "",
                      },
                      "ref": null,
                      "rendered": Object {
                        "instance": null,
                        "key": undefined,
                        "nodeType": "class",
                        "props": Object {
                          "data-css-r9ebme": "",
                          "defaultValue": "testing",
                          "id": "new",
                          "lines": 1,
                          "name": "new",
                          "onKeyUp": [Function],
                          "placeholder": "Add new",
                          "required": false,
                          "type": "text",
                        },
                        "ref": null,
                        "rendered": null,
                        "type": [Function],
                      },
                      "type": "div",
                    },
                    Object {
                      "instance": null,
                      "key": undefined,
                      "nodeType": "class",
                      "props": Object {
                        "children": "add",
                        "data-css-1bn1z22": "",
                        "disabled": true,
                        "id": "add-task",
                        "onClick": [Function],
                      },
                      "ref": null,
                      "rendered": "add",
                      "type": [Function],
                    },
                  ],
                  "type": "div",
                },
                Object {
                  "instance": null,
                  "key": undefined,
                  "nodeType": "host",
                  "props": Object {
                    "children": Array [
                      <_class
                        backgroundColor="rgba(232, 76, 61, 0.5)"
                        className="all"
                        data-css-pg4ma5=""
                        id="all-button"
                        onClick={[Function]}
                      >
                        <span
                          className="all"
                        >
                          All
                        </span>
                      </_class>,
                      <_class
                        backgroundColor="rgba(232, 76, 61, 0.5)"
                        className="incomplete"
                        data-css-pg4ma5=""
                        onClick={[Function]}
                      >
                        <span
                          className="incomplete"
                        >
                          Incomplete (1)
                        </span>
                      </_class>,
                      <_class
                        backgroundColor=""
                        className="completed"
                        data-css-pg4ma5=""
                        onClick={[Function]}
                      >
                        <span
                          className="completed"
                        >
                          Completed
                        </span>
                      </_class>,
                    ],
                    "data-css-1yv2jt6": "",
                  },
                  "ref": null,
                  "rendered": Array [
                    Object {
                      "instance": null,
                      "key": undefined,
                      "nodeType": "class",
                      "props": Object {
                        "backgroundColor": "rgba(232, 76, 61, 0.5)",
                        "children": <span
                          className="all"
                        >
                          All
                        </span>,
                        "className": "all",
                        "data-css-pg4ma5": "",
                        "id": "all-button",
                        "onClick": [Function],
                      },
                      "ref": null,
                      "rendered": Object {
                        "instance": null,
                        "key": undefined,
                        "nodeType": "host",
                        "props": Object {
                          "children": "All",
                          "className": "all",
                        },
                        "ref": null,
                        "rendered": "All",
                        "type": "span",
                      },
                      "type": [Function],
                    },
                    Object {
                      "instance": null,
                      "key": undefined,
                      "nodeType": "class",
                      "props": Object {
                        "backgroundColor": "rgba(232, 76, 61, 0.5)",
                        "children": <span
                          className="incomplete"
                        >
                          Incomplete (1)
                        </span>,
                        "className": "incomplete",
                        "data-css-pg4ma5": "",
                        "onClick": [Function],
                      },
                      "ref": null,
                      "rendered": Object {
                        "instance": null,
                        "key": undefined,
                        "nodeType": "host",
                        "props": Object {
                          "children": "Incomplete (1)",
                          "className": "incomplete",
                        },
                        "ref": null,
                        "rendered": "Incomplete (1)",
                        "type": "span",
                      },
                      "type": [Function],
                    },
                    Object {
                      "instance": null,
                      "key": undefined,
                      "nodeType": "class",
                      "props": Object {
                        "backgroundColor": "",
                        "children": <span
                          className="completed"
                        >
                          Completed
                        </span>,
                        "className": "completed",
                        "data-css-pg4ma5": "",
                        "onClick": [Function],
                      },
                      "ref": null,
                      "rendered": Object {
                        "instance": null,
                        "key": undefined,
                        "nodeType": "host",
                        "props": Object {
                          "children": "Completed",
                          "className": "completed",
                        },
                        "ref": null,
                        "rendered": "Completed",
                        "type": "span",
                      },
                      "type": [Function],
                    },
                  ],
                  "type": "div",
                },
                Object {
                  "instance": null,
                  "key": undefined,
                  "nodeType": "function",
                  "props": Object {
                    "children": Array [
                      undefined,
                      <TodoItem
                        checkmarkClicked={[Function]}
                        checkmarkDisplay={undefined}
                        done={true}
                        doneEditting={[Function]}
                        doubleClicked={undefined}
                        handleRemove={[Function]}
                        iconOpen={undefined}
                        id={1}
                        onDoubleClick={[Function]}
                        onSlideLeft={[Function]}
                      >
                        Text 2
                      </TodoItem>,
                      <TodoItem
                        checkmarkClicked={[Function]}
                        checkmarkDisplay={undefined}
                        done={true}
                        doneEditting={[Function]}
                        doubleClicked={undefined}
                        handleRemove={[Function]}
                        iconOpen={undefined}
                        id={2}
                        onDoubleClick={[Function]}
                        onSlideLeft={[Function]}
                      >
                        Text 3
                      </TodoItem>,
                    ],
                  },
                  "ref": null,
                  "rendered": Array [
                    undefined,
                    Object {
                      "instance": null,
                      "key": "checkbox1",
                      "nodeType": "class",
                      "props": Object {
                        "checkmarkClicked": [Function],
                        "checkmarkDisplay": undefined,
                        "children": "Text 2",
                        "done": true,
                        "doneEditting": [Function],
                        "doubleClicked": undefined,
                        "handleRemove": [Function],
                        "iconOpen": undefined,
                        "id": 1,
                        "onDoubleClick": [Function],
                        "onSlideLeft": [Function],
                      },
                      "ref": null,
                      "rendered": "Text 2",
                      "type": [Function],
                    },
                    Object {
                      "instance": null,
                      "key": "checkbox2",
                      "nodeType": "class",
                      "props": Object {
                        "checkmarkClicked": [Function],
                        "checkmarkDisplay": undefined,
                        "children": "Text 3",
                        "done": true,
                        "doneEditting": [Function],
                        "doubleClicked": undefined,
                        "handleRemove": [Function],
                        "iconOpen": undefined,
                        "id": 2,
                        "onDoubleClick": [Function],
                        "onSlideLeft": [Function],
                      },
                      "ref": null,
                      "rendered": "Text 3",
                      "type": [Function],
                    },
                  ],
                  "type": [Function],
                },
              ],
              "type": [Function],
            },
          ],
          "type": [Function],
        },
        "type": [Function],
      },
      "type": [Function],
    },
    "type": "div",
  },
  Symbol(enzyme.__nodes__): Array [
    Object {
      "instance": null,
      "key": undefined,
      "nodeType": "host",
      "props": Object {
        "children": <ResourceProvider
          resourcePath="https://static.allthings.me"
        >
          <ThemeProvider
            theme={
              Object {
                "background": "#f3f5f7",
                "contrast": "#ffffff",
                "disabled": "#95a5a5",
                "primary": "#e84c3d",
                "secondaryText": "#333333",
                "text": "#333333",
                "titleColor": "#333333",
              }
            }
          >
            <View
              alignH="start"
              alignV="stretch"
              fill={false}
              flex="none"
              onRef={[Function]}
            >
              <TitleBar
                data-css-bh3vuo=""
              >
                <Inset
                  data-css-14z3si=""
                  horizontal={true}
                >
                  <Icon
                    color="white"
                    data-css-xih1gx=""
                    name="book-open"
                    size="m"
                  />
                  <Text
                    block={true}
                    color="contrast"
                    data-css-1y7q7mp=""
                    size="l"
                  >
                    My Todos
                  </Text>
                </Inset>
                <Icon
                  color="#FFFFFF"
                  data-css-fanwgg=""
                  name="plus-light"
                  onClick={[Function]}
                  size="m"
                />
              </TitleBar>
              <Card>
                <div
                  data-css-l09ulh=""
                >
                  <div
                    data-css-r9ebme=""
                  >
                    <TextInput
                      data-css-r9ebme=""
                      defaultValue="testing"
                      id="new"
                      lines={1}
                      name="new"
                      onKeyUp={[Function]}
                      placeholder="Add new"
                      required={false}
                      type="text"
                    />
                  </div>
                  <_class
                    data-css-1bn1z22=""
                    disabled={true}
                    id="add-task"
                    onClick={[Function]}
                  >
                    add
                  </_class>
                </div>
                <div
                  data-css-1yv2jt6=""
                >
                  <_class
                    backgroundColor="rgba(232, 76, 61, 0.5)"
                    className="all"
                    data-css-pg4ma5=""
                    id="all-button"
                    onClick={[Function]}
                  >
                    <span
                      className="all"
                    >
                      All
                    </span>
                  </_class>
                  <_class
                    backgroundColor="rgba(232, 76, 61, 0.5)"
                    className="incomplete"
                    data-css-pg4ma5=""
                    onClick={[Function]}
                  >
                    <span
                      className="incomplete"
                    >
                      Incomplete (1)
                    </span>
                  </_class>
                  <_class
                    backgroundColor=""
                    className="completed"
                    data-css-pg4ma5=""
                    onClick={[Function]}
                  >
                    <span
                      className="completed"
                    >
                      Completed
                    </span>
                  </_class>
                </div>
                <GroupedCardList>
                  <TodoItem
                    checkmarkClicked={[Function]}
                    checkmarkDisplay={undefined}
                    done={true}
                    doneEditting={[Function]}
                    doubleClicked={undefined}
                    handleRemove={[Function]}
                    iconOpen={undefined}
                    id={1}
                    onDoubleClick={[Function]}
                    onSlideLeft={[Function]}
                  >
                    Text 2
                  </TodoItem>
                  <TodoItem
                    checkmarkClicked={[Function]}
                    checkmarkDisplay={undefined}
                    done={true}
                    doneEditting={[Function]}
                    doubleClicked={undefined}
                    handleRemove={[Function]}
                    iconOpen={undefined}
                    id={2}
                    onDoubleClick={[Function]}
                    onSlideLeft={[Function]}
                  >
                    Text 3
                  </TodoItem>
                </GroupedCardList>
              </Card>
            </View>
          </ThemeProvider>
        </ResourceProvider>,
        "className": "App",
      },
      "ref": null,
      "rendered": Object {
        "instance": null,
        "key": undefined,
        "nodeType": "class",
        "props": Object {
          "children": <ThemeProvider
            theme={
              Object {
                "background": "#f3f5f7",
                "contrast": "#ffffff",
                "disabled": "#95a5a5",
                "primary": "#e84c3d",
                "secondaryText": "#333333",
                "text": "#333333",
                "titleColor": "#333333",
              }
            }
          >
            <View
              alignH="start"
              alignV="stretch"
              fill={false}
              flex="none"
              onRef={[Function]}
            >
              <TitleBar
                data-css-bh3vuo=""
              >
                <Inset
                  data-css-14z3si=""
                  horizontal={true}
                >
                  <Icon
                    color="white"
                    data-css-xih1gx=""
                    name="book-open"
                    size="m"
                  />
                  <Text
                    block={true}
                    color="contrast"
                    data-css-1y7q7mp=""
                    size="l"
                  >
                    My Todos
                  </Text>
                </Inset>
                <Icon
                  color="#FFFFFF"
                  data-css-fanwgg=""
                  name="plus-light"
                  onClick={[Function]}
                  size="m"
                />
              </TitleBar>
              <Card>
                <div
                  data-css-l09ulh=""
                >
                  <div
                    data-css-r9ebme=""
                  >
                    <TextInput
                      data-css-r9ebme=""
                      defaultValue="testing"
                      id="new"
                      lines={1}
                      name="new"
                      onKeyUp={[Function]}
                      placeholder="Add new"
                      required={false}
                      type="text"
                    />
                  </div>
                  <_class
                    data-css-1bn1z22=""
                    disabled={true}
                    id="add-task"
                    onClick={[Function]}
                  >
                    add
                  </_class>
                </div>
                <div
                  data-css-1yv2jt6=""
                >
                  <_class
                    backgroundColor="rgba(232, 76, 61, 0.5)"
                    className="all"
                    data-css-pg4ma5=""
                    id="all-button"
                    onClick={[Function]}
                  >
                    <span
                      className="all"
                    >
                      All
                    </span>
                  </_class>
                  <_class
                    backgroundColor="rgba(232, 76, 61, 0.5)"
                    className="incomplete"
                    data-css-pg4ma5=""
                    onClick={[Function]}
                  >
                    <span
                      className="incomplete"
                    >
                      Incomplete (1)
                    </span>
                  </_class>
                  <_class
                    backgroundColor=""
                    className="completed"
                    data-css-pg4ma5=""
                    onClick={[Function]}
                  >
                    <span
                      className="completed"
                    >
                      Completed
                    </span>
                  </_class>
                </div>
                <GroupedCardList>
                  <TodoItem
                    checkmarkClicked={[Function]}
                    checkmarkDisplay={undefined}
                    done={true}
                    doneEditting={[Function]}
                    doubleClicked={undefined}
                    handleRemove={[Function]}
                    iconOpen={undefined}
                    id={1}
                    onDoubleClick={[Function]}
                    onSlideLeft={[Function]}
                  >
                    Text 2
                  </TodoItem>
                  <TodoItem
                    checkmarkClicked={[Function]}
                    checkmarkDisplay={undefined}
                    done={true}
                    doneEditting={[Function]}
                    doubleClicked={undefined}
                    handleRemove={[Function]}
                    iconOpen={undefined}
                    id={2}
                    onDoubleClick={[Function]}
                    onSlideLeft={[Function]}
                  >
                    Text 3
                  </TodoItem>
                </GroupedCardList>
              </Card>
            </View>
          </ThemeProvider>,
          "resourcePath": "https://static.allthings.me",
        },
        "ref": null,
        "rendered": Object {
          "instance": null,
          "key": undefined,
          "nodeType": "class",
          "props": Object {
            "children": <View
              alignH="start"
              alignV="stretch"
              fill={false}
              flex="none"
              onRef={[Function]}
            >
              <TitleBar
                data-css-bh3vuo=""
              >
                <Inset
                  data-css-14z3si=""
                  horizontal={true}
                >
                  <Icon
                    color="white"
                    data-css-xih1gx=""
                    name="book-open"
                    size="m"
                  />
                  <Text
                    block={true}
                    color="contrast"
                    data-css-1y7q7mp=""
                    size="l"
                  >
                    My Todos
                  </Text>
                </Inset>
                <Icon
                  color="#FFFFFF"
                  data-css-fanwgg=""
                  name="plus-light"
                  onClick={[Function]}
                  size="m"
                />
              </TitleBar>
              <Card>
                <div
                  data-css-l09ulh=""
                >
                  <div
                    data-css-r9ebme=""
                  >
                    <TextInput
                      data-css-r9ebme=""
                      defaultValue="testing"
                      id="new"
                      lines={1}
                      name="new"
                      onKeyUp={[Function]}
                      placeholder="Add new"
                      required={false}
                      type="text"
                    />
                  </div>
                  <_class
                    data-css-1bn1z22=""
                    disabled={true}
                    id="add-task"
                    onClick={[Function]}
                  >
                    add
                  </_class>
                </div>
                <div
                  data-css-1yv2jt6=""
                >
                  <_class
                    backgroundColor="rgba(232, 76, 61, 0.5)"
                    className="all"
                    data-css-pg4ma5=""
                    id="all-button"
                    onClick={[Function]}
                  >
                    <span
                      className="all"
                    >
                      All
                    </span>
                  </_class>
                  <_class
                    backgroundColor="rgba(232, 76, 61, 0.5)"
                    className="incomplete"
                    data-css-pg4ma5=""
                    onClick={[Function]}
                  >
                    <span
                      className="incomplete"
                    >
                      Incomplete (1)
                    </span>
                  </_class>
                  <_class
                    backgroundColor=""
                    className="completed"
                    data-css-pg4ma5=""
                    onClick={[Function]}
                  >
                    <span
                      className="completed"
                    >
                      Completed
                    </span>
                  </_class>
                </div>
                <GroupedCardList>
                  <TodoItem
                    checkmarkClicked={[Function]}
                    checkmarkDisplay={undefined}
                    done={true}
                    doneEditting={[Function]}
                    doubleClicked={undefined}
                    handleRemove={[Function]}
                    iconOpen={undefined}
                    id={1}
                    onDoubleClick={[Function]}
                    onSlideLeft={[Function]}
                  >
                    Text 2
                  </TodoItem>
                  <TodoItem
                    checkmarkClicked={[Function]}
                    checkmarkDisplay={undefined}
                    done={true}
                    doneEditting={[Function]}
                    doubleClicked={undefined}
                    handleRemove={[Function]}
                    iconOpen={undefined}
                    id={2}
                    onDoubleClick={[Function]}
                    onSlideLeft={[Function]}
                  >
                    Text 3
                  </TodoItem>
                </GroupedCardList>
              </Card>
            </View>,
            "theme": Object {
              "background": "#f3f5f7",
              "contrast": "#ffffff",
              "disabled": "#95a5a5",
              "primary": "#e84c3d",
              "secondaryText": "#333333",
              "text": "#333333",
              "titleColor": "#333333",
            },
          },
          "ref": null,
          "rendered": Object {
            "instance": null,
            "key": undefined,
            "nodeType": "class",
            "props": Object {
              "alignH": "start",
              "alignV": "stretch",
              "children": Array [
                <TitleBar
                  data-css-bh3vuo=""
                >
                  <Inset
                    data-css-14z3si=""
                    horizontal={true}
                  >
                    <Icon
                      color="white"
                      data-css-xih1gx=""
                      name="book-open"
                      size="m"
                    />
                    <Text
                      block={true}
                      color="contrast"
                      data-css-1y7q7mp=""
                      size="l"
                    >
                      My Todos
                    </Text>
                  </Inset>
                  <Icon
                    color="#FFFFFF"
                    data-css-fanwgg=""
                    name="plus-light"
                    onClick={[Function]}
                    size="m"
                  />
                </TitleBar>,
                <Card>
                  <div
                    data-css-l09ulh=""
                  >
                    <div
                      data-css-r9ebme=""
                    >
                      <TextInput
                        data-css-r9ebme=""
                        defaultValue="testing"
                        id="new"
                        lines={1}
                        name="new"
                        onKeyUp={[Function]}
                        placeholder="Add new"
                        required={false}
                        type="text"
                      />
                    </div>
                    <_class
                      data-css-1bn1z22=""
                      disabled={true}
                      id="add-task"
                      onClick={[Function]}
                    >
                      add
                    </_class>
                  </div>
                  <div
                    data-css-1yv2jt6=""
                  >
                    <_class
                      backgroundColor="rgba(232, 76, 61, 0.5)"
                      className="all"
                      data-css-pg4ma5=""
                      id="all-button"
                      onClick={[Function]}
                    >
                      <span
                        className="all"
                      >
                        All
                      </span>
                    </_class>
                    <_class
                      backgroundColor="rgba(232, 76, 61, 0.5)"
                      className="incomplete"
                      data-css-pg4ma5=""
                      onClick={[Function]}
                    >
                      <span
                        className="incomplete"
                      >
                        Incomplete (1)
                      </span>
                    </_class>
                    <_class
                      backgroundColor=""
                      className="completed"
                      data-css-pg4ma5=""
                      onClick={[Function]}
                    >
                      <span
                        className="completed"
                      >
                        Completed
                      </span>
                    </_class>
                  </div>
                  <GroupedCardList>
                    <TodoItem
                      checkmarkClicked={[Function]}
                      checkmarkDisplay={undefined}
                      done={true}
                      doneEditting={[Function]}
                      doubleClicked={undefined}
                      handleRemove={[Function]}
                      iconOpen={undefined}
                      id={1}
                      onDoubleClick={[Function]}
                      onSlideLeft={[Function]}
                    >
                      Text 2
                    </TodoItem>
                    <TodoItem
                      checkmarkClicked={[Function]}
                      checkmarkDisplay={undefined}
                      done={true}
                      doneEditting={[Function]}
                      doubleClicked={undefined}
                      handleRemove={[Function]}
                      iconOpen={undefined}
                      id={2}
                      onDoubleClick={[Function]}
                      onSlideLeft={[Function]}
                    >
                      Text 3
                    </TodoItem>
                  </GroupedCardList>
                </Card>,
              ],
              "fill": false,
              "flex": "none",
              "onRef": [Function],
            },
            "ref": null,
            "rendered": Array [
              Object {
                "instance": null,
                "key": undefined,
                "nodeType": "class",
                "props": Object {
                  "children": Array [
                    <Inset
                      data-css-14z3si=""
                      horizontal={true}
                    >
                      <Icon
                        color="white"
                        data-css-xih1gx=""
                        name="book-open"
                        size="m"
                      />
                      <Text
                        block={true}
                        color="contrast"
                        data-css-1y7q7mp=""
                        size="l"
                      >
                        My Todos
                      </Text>
                    </Inset>,
                    <Icon
                      color="#FFFFFF"
                      data-css-fanwgg=""
                      name="plus-light"
                      onClick={[Function]}
                      size="m"
                    />,
                  ],
                  "data-css-bh3vuo": "",
                },
                "ref": null,
                "rendered": Array [
                  Object {
                    "instance": null,
                    "key": undefined,
                    "nodeType": "function",
                    "props": Object {
                      "children": Array [
                        <Icon
                          color="white"
                          data-css-xih1gx=""
                          name="book-open"
                          size="m"
                        />,
                        <Text
                          block={true}
                          color="contrast"
                          data-css-1y7q7mp=""
                          size="l"
                        >
                          My Todos
                        </Text>,
                      ],
                      "data-css-14z3si": "",
                      "horizontal": true,
                    },
                    "ref": null,
                    "rendered": Array [
                      Object {
                        "instance": null,
                        "key": undefined,
                        "nodeType": "class",
                        "props": Object {
                          "color": "white",
                          "data-css-xih1gx": "",
                          "name": "book-open",
                          "size": "m",
                        },
                        "ref": null,
                        "rendered": null,
                        "type": [Function],
                      },
                      Object {
                        "instance": null,
                        "key": undefined,
                        "nodeType": "class",
                        "props": Object {
                          "block": true,
                          "children": "My Todos",
                          "color": "contrast",
                          "data-css-1y7q7mp": "",
                          "size": "l",
                        },
                        "ref": null,
                        "rendered": "My Todos",
                        "type": [Function],
                      },
                    ],
                    "type": [Function],
                  },
                  Object {
                    "instance": null,
                    "key": undefined,
                    "nodeType": "class",
                    "props": Object {
                      "color": "#FFFFFF",
                      "data-css-fanwgg": "",
                      "name": "plus-light",
                      "onClick": [Function],
                      "size": "m",
                    },
                    "ref": null,
                    "rendered": null,
                    "type": [Function],
                  },
                ],
                "type": [Function],
              },
              Object {
                "instance": null,
                "key": undefined,
                "nodeType": "function",
                "props": Object {
                  "children": Array [
                    <div
                      data-css-l09ulh=""
                    >
                      <div
                        data-css-r9ebme=""
                      >
                        <TextInput
                          data-css-r9ebme=""
                          defaultValue="testing"
                          id="new"
                          lines={1}
                          name="new"
                          onKeyUp={[Function]}
                          placeholder="Add new"
                          required={false}
                          type="text"
                        />
                      </div>
                      <_class
                        data-css-1bn1z22=""
                        disabled={true}
                        id="add-task"
                        onClick={[Function]}
                      >
                        add
                      </_class>
                    </div>,
                    <div
                      data-css-1yv2jt6=""
                    >
                      <_class
                        backgroundColor="rgba(232, 76, 61, 0.5)"
                        className="all"
                        data-css-pg4ma5=""
                        id="all-button"
                        onClick={[Function]}
                      >
                        <span
                          className="all"
                        >
                          All
                        </span>
                      </_class>
                      <_class
                        backgroundColor="rgba(232, 76, 61, 0.5)"
                        className="incomplete"
                        data-css-pg4ma5=""
                        onClick={[Function]}
                      >
                        <span
                          className="incomplete"
                        >
                          Incomplete (1)
                        </span>
                      </_class>
                      <_class
                        backgroundColor=""
                        className="completed"
                        data-css-pg4ma5=""
                        onClick={[Function]}
                      >
                        <span
                          className="completed"
                        >
                          Completed
                        </span>
                      </_class>
                    </div>,
                    <GroupedCardList>
                      <TodoItem
                        checkmarkClicked={[Function]}
                        checkmarkDisplay={undefined}
                        done={true}
                        doneEditting={[Function]}
                        doubleClicked={undefined}
                        handleRemove={[Function]}
                        iconOpen={undefined}
                        id={1}
                        onDoubleClick={[Function]}
                        onSlideLeft={[Function]}
                      >
                        Text 2
                      </TodoItem>
                      <TodoItem
                        checkmarkClicked={[Function]}
                        checkmarkDisplay={undefined}
                        done={true}
                        doneEditting={[Function]}
                        doubleClicked={undefined}
                        handleRemove={[Function]}
                        iconOpen={undefined}
                        id={2}
                        onDoubleClick={[Function]}
                        onSlideLeft={[Function]}
                      >
                        Text 3
                      </TodoItem>
                    </GroupedCardList>,
                  ],
                },
                "ref": null,
                "rendered": Array [
                  Object {
                    "instance": null,
                    "key": undefined,
                    "nodeType": "host",
                    "props": Object {
                      "children": Array [
                        <div
                          data-css-r9ebme=""
                        >
                          <TextInput
                            data-css-r9ebme=""
                            defaultValue="testing"
                            id="new"
                            lines={1}
                            name="new"
                            onKeyUp={[Function]}
                            placeholder="Add new"
                            required={false}
                            type="text"
                          />
                        </div>,
                        <_class
                          data-css-1bn1z22=""
                          disabled={true}
                          id="add-task"
                          onClick={[Function]}
                        >
                          add
                        </_class>,
                      ],
                      "data-css-l09ulh": "",
                    },
                    "ref": null,
                    "rendered": Array [
                      Object {
                        "instance": null,
                        "key": undefined,
                        "nodeType": "host",
                        "props": Object {
                          "children": <TextInput
                            data-css-r9ebme=""
                            defaultValue="testing"
                            id="new"
                            lines={1}
                            name="new"
                            onKeyUp={[Function]}
                            placeholder="Add new"
                            required={false}
                            type="text"
                          />,
                          "data-css-r9ebme": "",
                        },
                        "ref": null,
                        "rendered": Object {
                          "instance": null,
                          "key": undefined,
                          "nodeType": "class",
                          "props": Object {
                            "data-css-r9ebme": "",
                            "defaultValue": "testing",
                            "id": "new",
                            "lines": 1,
                            "name": "new",
                            "onKeyUp": [Function],
                            "placeholder": "Add new",
                            "required": false,
                            "type": "text",
                          },
                          "ref": null,
                          "rendered": null,
                          "type": [Function],
                        },
                        "type": "div",
                      },
                      Object {
                        "instance": null,
                        "key": undefined,
                        "nodeType": "class",
                        "props": Object {
                          "children": "add",
                          "data-css-1bn1z22": "",
                          "disabled": true,
                          "id": "add-task",
                          "onClick": [Function],
                        },
                        "ref": null,
                        "rendered": "add",
                        "type": [Function],
                      },
                    ],
                    "type": "div",
                  },
                  Object {
                    "instance": null,
                    "key": undefined,
                    "nodeType": "host",
                    "props": Object {
                      "children": Array [
                        <_class
                          backgroundColor="rgba(232, 76, 61, 0.5)"
                          className="all"
                          data-css-pg4ma5=""
                          id="all-button"
                          onClick={[Function]}
                        >
                          <span
                            className="all"
                          >
                            All
                          </span>
                        </_class>,
                        <_class
                          backgroundColor="rgba(232, 76, 61, 0.5)"
                          className="incomplete"
                          data-css-pg4ma5=""
                          onClick={[Function]}
                        >
                          <span
                            className="incomplete"
                          >
                            Incomplete (1)
                          </span>
                        </_class>,
                        <_class
                          backgroundColor=""
                          className="completed"
                          data-css-pg4ma5=""
                          onClick={[Function]}
                        >
                          <span
                            className="completed"
                          >
                            Completed
                          </span>
                        </_class>,
                      ],
                      "data-css-1yv2jt6": "",
                    },
                    "ref": null,
                    "rendered": Array [
                      Object {
                        "instance": null,
                        "key": undefined,
                        "nodeType": "class",
                        "props": Object {
                          "backgroundColor": "rgba(232, 76, 61, 0.5)",
                          "children": <span
                            className="all"
                          >
                            All
                          </span>,
                          "className": "all",
                          "data-css-pg4ma5": "",
                          "id": "all-button",
                          "onClick": [Function],
                        },
                        "ref": null,
                        "rendered": Object {
                          "instance": null,
                          "key": undefined,
                          "nodeType": "host",
                          "props": Object {
                            "children": "All",
                            "className": "all",
                          },
                          "ref": null,
                          "rendered": "All",
                          "type": "span",
                        },
                        "type": [Function],
                      },
                      Object {
                        "instance": null,
                        "key": undefined,
                        "nodeType": "class",
                        "props": Object {
                          "backgroundColor": "rgba(232, 76, 61, 0.5)",
                          "children": <span
                            className="incomplete"
                          >
                            Incomplete (1)
                          </span>,
                          "className": "incomplete",
                          "data-css-pg4ma5": "",
                          "onClick": [Function],
                        },
                        "ref": null,
                        "rendered": Object {
                          "instance": null,
                          "key": undefined,
                          "nodeType": "host",
                          "props": Object {
                            "children": "Incomplete (1)",
                            "className": "incomplete",
                          },
                          "ref": null,
                          "rendered": "Incomplete (1)",
                          "type": "span",
                        },
                        "type": [Function],
                      },
                      Object {
                        "instance": null,
                        "key": undefined,
                        "nodeType": "class",
                        "props": Object {
                          "backgroundColor": "",
                          "children": <span
                            className="completed"
                          >
                            Completed
                          </span>,
                          "className": "completed",
                          "data-css-pg4ma5": "",
                          "onClick": [Function],
                        },
                        "ref": null,
                        "rendered": Object {
                          "instance": null,
                          "key": undefined,
                          "nodeType": "host",
                          "props": Object {
                            "children": "Completed",
                            "className": "completed",
                          },
                          "ref": null,
                          "rendered": "Completed",
                          "type": "span",
                        },
                        "type": [Function],
                      },
                    ],
                    "type": "div",
                  },
                  Object {
                    "instance": null,
                    "key": undefined,
                    "nodeType": "function",
                    "props": Object {
                      "children": Array [
                        undefined,
                        <TodoItem
                          checkmarkClicked={[Function]}
                          checkmarkDisplay={undefined}
                          done={true}
                          doneEditting={[Function]}
                          doubleClicked={undefined}
                          handleRemove={[Function]}
                          iconOpen={undefined}
                          id={1}
                          onDoubleClick={[Function]}
                          onSlideLeft={[Function]}
                        >
                          Text 2
                        </TodoItem>,
                        <TodoItem
                          checkmarkClicked={[Function]}
                          checkmarkDisplay={undefined}
                          done={true}
                          doneEditting={[Function]}
                          doubleClicked={undefined}
                          handleRemove={[Function]}
                          iconOpen={undefined}
                          id={2}
                          onDoubleClick={[Function]}
                          onSlideLeft={[Function]}
                        >
                          Text 3
                        </TodoItem>,
                      ],
                    },
                    "ref": null,
                    "rendered": Array [
                      undefined,
                      Object {
                        "instance": null,
                        "key": "checkbox1",
                        "nodeType": "class",
                        "props": Object {
                          "checkmarkClicked": [Function],
                          "checkmarkDisplay": undefined,
                          "children": "Text 2",
                          "done": true,
                          "doneEditting": [Function],
                          "doubleClicked": undefined,
                          "handleRemove": [Function],
                          "iconOpen": undefined,
                          "id": 1,
                          "onDoubleClick": [Function],
                          "onSlideLeft": [Function],
                        },
                        "ref": null,
                        "rendered": "Text 2",
                        "type": [Function],
                      },
                      Object {
                        "instance": null,
                        "key": "checkbox2",
                        "nodeType": "class",
                        "props": Object {
                          "checkmarkClicked": [Function],
                          "checkmarkDisplay": undefined,
                          "children": "Text 3",
                          "done": true,
                          "doneEditting": [Function],
                          "doubleClicked": undefined,
                          "handleRemove": [Function],
                          "iconOpen": undefined,
                          "id": 2,
                          "onDoubleClick": [Function],
                          "onSlideLeft": [Function],
                        },
                        "ref": null,
                        "rendered": "Text 3",
                        "type": [Function],
                      },
                    ],
                    "type": [Function],
                  },
                ],
                "type": [Function],
              },
            ],
            "type": [Function],
          },
          "type": [Function],
        },
        "type": [Function],
      },
      "type": "div",
    },
  ],
  Symbol(enzyme.__options__): Object {
    "adapter": ReactSixteenAdapter {
      "options": Object {
        "enableComponentDidUpdateOnSetState": true,
      },
    },
  },
}
`;
